. git add: git add will bring the file from working directory to staging area for tracking.

  command: git add file/directory 
           git add file1 file2 file3
           git add .

[root@ip-172-31-8-220 devops-repo]# git add .
[root@ip-172-31-8-220 devops-repo]# git status
On branch master

No commits yet

Changes to be committed:
  (use "git rm --cached <file>..." to unstage)
        new file:   file.txt

[root@ip-172-31-8-220 devops-repo]#
-----------------------------------------------------------------------------------------------------------------------------
6. git commit: git commit will record the changes via commit_id and  move the file from staging area to local repository.

  command: git commit -m "Message"

-m message

[root@ip-172-31-8-220 devops-repo]# git commit -m "Adding file.txt"
[master (root-commit) 22f27c8] Adding file.txt
 1 file changed, 4 insertions(+)
 create mode 100644 file.txt
[root@ip-172-31-8-220 devops-repo]#
[root@ip-172-31-8-220 devops-repo]# git status
On branch master
nothing to commit, working tree clean
[root@ip-172-31-8-220 devops-repo]#
===================///////////////////////============================/////////////////==================================////////////
